// Jest Snapshot v1, https://goo.gl/fbAQLP

exports[`ErrorMessage component renders correctly 1`] = `
<div
  className="alert alert-danger"
  role="alert"
>
  <p>
    test_error
  </p>
  <p>
    <button
      className="btn btn-warning"
      disabled={false}
      onClick={[Function]}
      type="button"
    >
      Close
    </button>
  </p>
</div>
`;
